// Jest Snapshot v1, https://goo.gl/fbAQLP

exports[`renders correctly 1`] = `
Object {
  "asFragment": [Function],
  "baseElement": <body>
    <div>
      <div
        class="header"
      >
        <div
          class="container"
        >
          <nav
            class="navMenu"
          >
            <div
              class="navMenuleft"
            >
              <a
                aria-current="page"
                class="selected"
                href="/home"
                title="Home"
              >
                <span
                  class="material-icons"
                >
                  home
                </span>
              </a>
              <a
                href="/library"
              >
                Library
              </a>
              <a
                href="/library/add"
              >
                Add book
              </a>
              <a
                href="/blog"
              >
                Blog
              </a>
              <a
                href="/user/dashboard"
              >
                Dashboard
              </a>
            </div>
            <div
              class="navMenuRight"
            >
              <a
                class=""
                href="/login"
                title="logout"
              >
                <span
                  class="material-icons"
                >
                  logout
                </span>
              </a>
            </div>
          </nav>
        </div>
        
      </div>
      <div
        class="container"
        style="background-color: rgb(235, 235, 235);"
      >
        <h2>
          Home page
        </h2>
        <h3>
          Здесь пока ничего нет кроме "Home"
        </h3>
        <img
          alt="images"
          class="homeIMG"
          src="home.jpg"
        />
      </div>
    </div>
  </body>,
  "container": <div>
    <div
      class="header"
    >
      <div
        class="container"
      >
        <nav
          class="navMenu"
        >
          <div
            class="navMenuleft"
          >
            <a
              aria-current="page"
              class="selected"
              href="/home"
              title="Home"
            >
              <span
                class="material-icons"
              >
                home
              </span>
            </a>
            <a
              href="/library"
            >
              Library
            </a>
            <a
              href="/library/add"
            >
              Add book
            </a>
            <a
              href="/blog"
            >
              Blog
            </a>
            <a
              href="/user/dashboard"
            >
              Dashboard
            </a>
          </div>
          <div
            class="navMenuRight"
          >
            <a
              class=""
              href="/login"
              title="logout"
            >
              <span
                class="material-icons"
              >
                logout
              </span>
            </a>
          </div>
        </nav>
      </div>
      
    </div>
    <div
      class="container"
      style="background-color: rgb(235, 235, 235);"
    >
      <h2>
        Home page
      </h2>
      <h3>
        Здесь пока ничего нет кроме "Home"
      </h3>
      <img
        alt="images"
        class="homeIMG"
        src="home.jpg"
      />
    </div>
  </div>,
  "debug": [Function],
  "findAllByAltText": [Function],
  "findAllByDisplayValue": [Function],
  "findAllByLabelText": [Function],
  "findAllByPlaceholderText": [Function],
  "findAllByRole": [Function],
  "findAllByTestId": [Function],
  "findAllByText": [Function],
  "findAllByTitle": [Function],
  "findByAltText": [Function],
  "findByDisplayValue": [Function],
  "findByLabelText": [Function],
  "findByPlaceholderText": [Function],
  "findByRole": [Function],
  "findByTestId": [Function],
  "findByText": [Function],
  "findByTitle": [Function],
  "getAllByAltText": [Function],
  "getAllByDisplayValue": [Function],
  "getAllByLabelText": [Function],
  "getAllByPlaceholderText": [Function],
  "getAllByRole": [Function],
  "getAllByTestId": [Function],
  "getAllByText": [Function],
  "getAllByTitle": [Function],
  "getByAltText": [Function],
  "getByDisplayValue": [Function],
  "getByLabelText": [Function],
  "getByPlaceholderText": [Function],
  "getByRole": [Function],
  "getByTestId": [Function],
  "getByText": [Function],
  "getByTitle": [Function],
  "queryAllByAltText": [Function],
  "queryAllByDisplayValue": [Function],
  "queryAllByLabelText": [Function],
  "queryAllByPlaceholderText": [Function],
  "queryAllByRole": [Function],
  "queryAllByTestId": [Function],
  "queryAllByText": [Function],
  "queryAllByTitle": [Function],
  "queryByAltText": [Function],
  "queryByDisplayValue": [Function],
  "queryByLabelText": [Function],
  "queryByPlaceholderText": [Function],
  "queryByRole": [Function],
  "queryByTestId": [Function],
  "queryByText": [Function],
  "queryByTitle": [Function],
  "rerender": [Function],
  "unmount": [Function],
}
`;
